node.exe : [1A[2K[2m[WebServer] 
[22m[33m[1mÔÜá[22m[39m The 
"middleware" file convention is deprecated. 
Please use "proxy" instead. Learn more: http
s://nextjs.org/docs/messages/middleware-to-p
roxy
At line:1 char:1
+ & "C:\Program Files\nodejs/node.exe" 
"C:\Program Files\nodejs/node_mo ...
+ ~~~~~~~~~~~~~~~~~~~~~~~~~~~~~~~~~~~~~~~~~~
~~~~~~~~~~~~~~~~~~~~~~~~~~~
    + CategoryInfo          : NotSpecified: 
    ([1A[2K[2m[We...leware-to-proxy:Str  
  ing) [], RemoteException
    + FullyQualifiedErrorId : NativeCommand 
   Error
 


Running 3 tests using 3 workers

[1A[2K[1/3] [chromium] ÔÇ║ tests\e2e\shopping.spec.ts:49:9 ÔÇ║ Inquiry Flow ÔÇ║ contact form allows input and shows intended direct contact
[1A[2K[2/3] [chromium] ÔÇ║ tests\e2e\shopping.spec.ts:4:9 ÔÇ║ Shopping Experience ÔÇ║ should add an item to the cart and verify it
[1A[2K[3/3] [chromium] ÔÇ║ tests\e2e\shopping.spec.ts:32:9 ÔÇ║ Shopping Experience ÔÇ║ should handle cart quantity correctly
[1A[2K  1) [chromium] ÔÇ║ tests\e2e\shopping.spec.ts:4:9 ÔÇ║ Shopping Experience ÔÇ║ should add an item to the cart and verify it 

    Error: [2mexpect([22m[31mlocator[39m[2m).[22mtoBeVisible[2m([22m[2m)[22m failed

    Locator: getByRole('button', { name: /View Details/i }).first()
    Expected: visible
    Timeout: 5000ms
    Error: element(s) not found

    Call log:
    [2m  - Expect "toBeVisible" with timeout 5000ms[22m
    [2m  - waiting for getByRole('button', { name: /View Details/i }).first()[22m


       8 |         // 2. Click "View Details" on the first item
       9 |         const firstViewBtn = page.getByRole('button', { name: /View Details/i }).first();
    > 10 |         await expect(firstViewBtn).toBeVisible();
         |                                    ^
      11 |         await firstViewBtn.click();
      12 |
      13 |         // 3. Check if the modal is open
        at C:\Users\Admin\Desktop\Coding Project\Cherif\cherifs-lifestyle-hub\tests\e2e\shopping.spec.ts:10:36

    attachment #1: screenshot (image/png) ÔöÇÔöÇÔöÇÔöÇÔöÇÔöÇÔöÇÔöÇÔöÇÔöÇÔöÇÔöÇÔöÇÔöÇÔöÇÔöÇÔöÇÔöÇÔöÇÔöÇÔöÇÔöÇÔöÇÔöÇÔöÇÔöÇÔöÇÔöÇÔöÇÔöÇÔöÇÔöÇÔöÇÔöÇÔöÇÔöÇÔöÇÔöÇÔöÇÔöÇÔöÇÔöÇÔöÇÔöÇÔöÇÔöÇÔöÇÔöÇÔöÇÔöÇÔöÇÔöÇÔöÇÔöÇÔöÇÔöÇÔöÇÔöÇ
    test-results\shopping-Shopping-Experien-47142-m-to-the-cart-and-verify-it-chromium\test-failed-1.png
    ÔöÇÔöÇÔöÇÔöÇÔöÇÔöÇÔöÇÔöÇÔöÇÔöÇÔöÇÔöÇÔöÇÔöÇÔöÇÔöÇÔöÇÔöÇÔöÇÔöÇÔöÇÔöÇÔöÇÔöÇÔöÇÔöÇÔöÇÔöÇÔöÇÔöÇÔöÇÔöÇÔöÇÔöÇÔöÇÔöÇÔöÇÔöÇÔöÇÔöÇÔöÇÔöÇÔöÇÔöÇÔöÇÔöÇÔöÇÔöÇÔöÇÔöÇÔöÇÔöÇÔöÇÔöÇÔöÇÔöÇÔöÇÔöÇÔöÇÔöÇÔöÇÔöÇÔöÇÔöÇÔöÇÔöÇÔöÇÔöÇÔöÇÔöÇÔöÇÔöÇÔöÇÔöÇÔöÇÔöÇÔöÇÔöÇÔöÇÔöÇÔöÇÔöÇÔöÇÔöÇÔöÇÔöÇÔöÇÔöÇÔöÇÔöÇÔöÇÔöÇÔöÇÔöÇÔöÇÔöÇ

    Error Context: test-results\shopping-Shopping-Experien-47142-m-to-the-cart-and-verify-it-chromium\error-context.md


[1A[2K  2) [chromium] ÔÇ║ tests\e2e\shopping.spec.ts:32:9 ÔÇ║ Shopping Experience ÔÇ║ should handle cart quantity correctly 

    [31mTest timeout of 30000ms exceeded.[39m

    Error: locator.click: Test timeout of 30000ms exceeded.
    Call log:
    [2m  - waiting for getByRole('button', { name: /Acquire for Collection/i })[22m


      38 |         
      39 |         // Clicking it again should increment quantity
    > 40 |         await addToCartBtn.click();
         |                            ^
      41 |
      42 |         await page.goto('/cart');
      43 |         // Check quantity text
        at C:\Users\Admin\Desktop\Coding Project\Cherif\cherifs-lifestyle-hub\tests\e2e\shopping.spec.ts:40:28

    attachment #1: screenshot (image/png) ÔöÇÔöÇÔöÇÔöÇÔöÇÔöÇÔöÇÔöÇÔöÇÔöÇÔöÇÔöÇÔöÇÔöÇÔöÇÔöÇÔöÇÔöÇÔöÇÔöÇÔöÇÔöÇÔöÇÔöÇÔöÇÔöÇÔöÇÔöÇÔöÇÔöÇÔöÇÔöÇÔöÇÔöÇÔöÇÔöÇÔöÇÔöÇÔöÇÔöÇÔöÇÔöÇÔöÇÔöÇÔöÇÔöÇÔöÇÔöÇÔöÇÔöÇÔöÇÔöÇÔöÇÔöÇÔöÇÔöÇÔöÇÔöÇ
    test-results\shopping-Shopping-Experien-09cc0-dle-cart-quantity-correctly-chromium\test-failed-1.png
    ÔöÇÔöÇÔöÇÔöÇÔöÇÔöÇÔöÇÔöÇÔöÇÔöÇÔöÇÔöÇÔöÇÔöÇÔöÇÔöÇÔöÇÔöÇÔöÇÔöÇÔöÇÔöÇÔöÇÔöÇÔöÇÔöÇÔöÇÔöÇÔöÇÔöÇÔöÇÔöÇÔöÇÔöÇÔöÇÔöÇÔöÇÔöÇÔöÇÔöÇÔöÇÔöÇÔöÇÔöÇÔöÇÔöÇÔöÇÔöÇÔöÇÔöÇÔöÇÔöÇÔöÇÔöÇÔöÇÔöÇÔöÇÔöÇÔöÇÔöÇÔöÇÔöÇÔöÇÔöÇÔöÇÔöÇÔöÇÔöÇÔöÇÔöÇÔöÇÔöÇÔöÇÔöÇÔöÇÔöÇÔöÇÔöÇÔöÇÔöÇÔöÇÔöÇÔöÇÔöÇÔöÇÔöÇÔöÇÔöÇÔöÇÔöÇÔöÇÔöÇÔöÇÔöÇÔöÇÔöÇ

    Error Context: test-results\shopping-Shopping-Experien-09cc0-dle-cart-quantity-correctly-chromium\error-context.md


[1A[2K  2 failed
    [chromium] ÔÇ║ tests\e2e\shopping.spec.ts:4:9 ÔÇ║ Shopping Experience ÔÇ║ should add an item to the cart and verify it 
    [chromium] ÔÇ║ tests\e2e\shopping.spec.ts:32:9 ÔÇ║ Shopping Experience ÔÇ║ should handle cart quantity correctly 
  1 passed (43.5s)
